* Host flk.npc.gov.cn:443 was resolved.
* IPv6: (none)
* IPv4: 111.202.89.54, 123.6.81.41
*   Trying 111.202.89.54:443...
* ALPN: curl offers h2,http/1.1
} [5 bytes data]
* TLSv1.3 (OUT), TLS handshake, Client hello (1):
} [1569 bytes data]
*  CAfile: /etc/ssl/certs/ca-certificates.crt
*  CApath: /etc/ssl/certs
{ [5 bytes data]
* TLSv1.3 (IN), TLS handshake, Server hello (2):
{ [122 bytes data]
* TLSv1.3 (IN), TLS change cipher, Change cipher spec (1):
{ [1 bytes data]
* TLSv1.3 (IN), TLS handshake, Encrypted Extensions (8):
{ [25 bytes data]
* TLSv1.3 (IN), TLS handshake, Certificate (11):
{ [3971 bytes data]
* TLSv1.3 (IN), TLS handshake, CERT verify (15):
{ [264 bytes data]
* TLSv1.3 (IN), TLS handshake, Finished (20):
{ [52 bytes data]
* TLSv1.3 (OUT), TLS change cipher, Change cipher spec (1):
} [1 bytes data]
* TLSv1.3 (OUT), TLS handshake, Finished (20):
} [52 bytes data]
* SSL connection using TLSv1.3 / TLS_AES_256_GCM_SHA384 / x25519 / RSASSA-PSS
* ALPN: server accepted http/1.1
* Server certificate:
*  subject: CN=flk.npc.gov.cn
*  start date: Dec 30 00:00:00 2025 GMT
*  expire date: Jan 28 23:59:59 2027 GMT
*  subjectAltName: host "flk.npc.gov.cn" matched cert's "flk.npc.gov.cn"
*  issuer: C=US; O=DigiCert Inc; OU=www.digicert.com; CN=RapidSSL TLS RSA CA G1
*  SSL certificate verify ok.
*   Certificate level 0: Public key type RSA (2048/112 Bits/secBits), signed using sha256WithRSAEncryption
*   Certificate level 1: Public key type RSA (2048/112 Bits/secBits), signed using sha256WithRSAEncryption
*   Certificate level 2: Public key type RSA (2048/112 Bits/secBits), signed using sha256WithRSAEncryption
* Connected to flk.npc.gov.cn (111.202.89.54) port 443
* using HTTP/1.x
} [5 bytes data]
> GET /law-search/search/enumData HTTP/1.1
> Host: flk.npc.gov.cn
> User-Agent: Mozilla/5.0 (X11; Linux x86_64) AppleWebKit/537.36 Chrome/130.0 Safari/537.36 G12HAuthorityCapture/1.0
> Accept: */*
> Accept-Language: zh-CN,zh;q=0.9,en;q=0.5
> Cache-Control: no-cache
> Pragma: no-cache
> 
* Request completely sent off
{ [5 bytes data]
* TLSv1.3 (IN), TLS handshake, Newsession Ticket (4):
{ [265 bytes data]
* TLSv1.3 (IN), TLS handshake, Newsession Ticket (4):
{ [265 bytes data]
< HTTP/1.1 200 
< Date: Thu, 20 Aug 2026 08:42:17 GMT
< Content-Type: application/json
< Transfer-Encoding: chunked
< Connection: keep-alive
< WZWS-RAY: 1129-1787244137.308-s1bjbgp-waf01bjtp3
< 
{ [7949 bytes data]
* Connection #0 to host flk.npc.gov.cn left intact
