* Host www.chinatax.gov.cn:443 was resolved.
* IPv6: (none)
* IPv4: 110.242.22.27, 116.179.52.55
*   Trying 110.242.22.27:443...
* ALPN: curl offers h2,http/1.1
} [5 bytes data]
* TLSv1.3 (OUT), TLS handshake, Client hello (1):
} [1574 bytes data]
*  CAfile: /etc/ssl/certs/ca-certificates.crt
*  CApath: /etc/ssl/certs
{ [5 bytes data]
* TLSv1.3 (IN), TLS handshake, Server hello (2):
{ [112 bytes data]
* TLSv1.2 (IN), TLS handshake, Certificate (11):
{ [3413 bytes data]
* TLSv1.2 (IN), TLS handshake, Server key exchange (12):
{ [300 bytes data]
* TLSv1.2 (IN), TLS handshake, Server finished (14):
{ [4 bytes data]
* TLSv1.2 (OUT), TLS handshake, Client key exchange (16):
} [37 bytes data]
* TLSv1.2 (OUT), TLS change cipher, Change cipher spec (1):
} [1 bytes data]
* TLSv1.2 (OUT), TLS handshake, Finished (20):
} [16 bytes data]
* TLSv1.2 (IN), TLS handshake, Finished (20):
{ [16 bytes data]
* SSL connection using TLSv1.2 / ECDHE-RSA-CHACHA20-POLY1305 / x25519 / RSASSA-PSS
* ALPN: server accepted http/1.1
* Server certificate:
*  subject: C=CN; ST=\U5317\U4EAC; L=\U5317\U4EAC; O=\U56FD\U5BB6\U7A0E\U52A1\U603B\U5C40\U7535\U5B50\U7A0E\U52A1\U7BA1\U7406\U4E2D\U5FC3; CN=www.chinatax.gov.cn
*  start date: Jul 13 02:22:47 2026 GMT
*  expire date: Jan 28 02:22:46 2027 GMT
*  subjectAltName: host "www.chinatax.gov.cn" matched cert's "www.chinatax.gov.cn"
*  issuer: C=CN; O=China Financial Certification Authority; CN=CFCA TLS OV OCA
*  SSL certificate verify ok.
*   Certificate level 0: Public key type RSA (2048/112 Bits/secBits), signed using sha256WithRSAEncryption
*   Certificate level 1: Public key type RSA (2048/112 Bits/secBits), signed using sha256WithRSAEncryption
*   Certificate level 2: Public key type RSA (4096/152 Bits/secBits), signed using sha256WithRSAEncryption
* Connected to www.chinatax.gov.cn (110.242.22.27) port 443
* using HTTP/1.x
} [5 bytes data]
> GET /search5/search/s?siteCode=bm29000002&column=%E6%94%BF%E7%AD%96%E6%B3%95%E8%A7%84&searchWord=%E8%B4%A2%E6%94%BF%E9%83%A8+%E7%A8%8E%E5%8A%A1%E6%80%BB%E5%B1%80%E5%85%AC%E5%91%8A2023%E5%B9%B4%E7%AC%AC39%E5%8F%B7&wordPlace=0&docType=%E8%B4%A2%E6%94%BF%E9%83%A8%E7%A8%8E%E5%8A%A1%E6%80%BB%E5%B1%80%E5%85%AC%E5%91%8A&docYear=2023&docNo=39&xxgkTaxPolicy=%E7%A8%8E%E6%94%B6%E6%94%BF%E7%AD%96&xxgkSonTaxPolicy=%E5%8D%B0%E8%8A%B1%E7%A8%8E&xxgkFormulatedYear=2023&orderBy=5&participleRule=5&searchSiteName=GSFFK&pageNum=0&xxgkAging=%E5%B7%B2%E4%BF%AE%E6%94%B9 HTTP/1.1
> Host: www.chinatax.gov.cn
> User-Agent: Mozilla/5.0 (X11; Linux x86_64) AppleWebKit/537.36 Chrome/130.0 Safari/537.36 G12HLiveStatusProbe/1.0
> Accept: */*
> Accept-Language: zh-CN,zh;q=0.9,en;q=0.5
> Cache-Control: no-cache
> Pragma: no-cache
> 
* Request completely sent off
{ [5 bytes data]
< HTTP/1.1 200 
< Date: Thu, 20 Aug 2026 09:41:39 GMT
< Content-Type: application/json;charset=UTF-8
< Transfer-Encoding: chunked
< Connection: keep-alive
< Access-Control-Allow-Origin: *
< Access-Control-Allow-Methods: get, post
< Access-Control-Allow-Headers: origin, content-type, accept
< Access-Control-Allow-Credentials: true
< expries: Thu, 01 Jan 1970 00:14:24 GMT
< Cache-Control: no-cache
< Set-Cookie: bm29000002=<redacted sha256:1fb900abb5bc55e5ce29039981a627e2b2302d496beec28a73d2e86e5a16775d>; Path=/; HttpOnly
< Set-Cookie: JSESSIONID=<redacted sha256:3d8e7cd1447154ed4b4e16e1e5039b1d3f8fb6bda6a0cf96b1c2924b5afa2c7d>; Path=/guestweb; HttpOnly
< X-Content-Type-Options: nosniff
< X-XSS-Protection: 1; mode=block
< Content-Security-Policy: object-src 'self'
< Referer-Policy: origin
< X-Permitted-Cross-Domain-Policies: master-only
< X-Download-Options: noopen
< X-Frame-Options: SAMEORIGIN
< x-via: 1.1 PSjsczsx2mh91:0 (Cdn Cache Server V2.0), 1.1 PS-000-01Mba83:9 (Cdn Cache Server V2.0)
< x-ws-request-id: 6a86cbd3_PS-000-01Mba83_18928-53435
< 
{ [510 bytes data]
* Connection #0 to host www.chinatax.gov.cn left intact
