* Host fwfx.ndrc.gov.cn:443 was resolved.
* IPv6: (none)
* IPv4: 221.204.95.166, 221.204.95.168, 221.204.95.143, 221.204.95.151, 221.204.95.145, 221.204.95.167, 221.204.95.141
*   Trying 221.204.95.166:443...
* ALPN: curl offers h2,http/1.1
} [5 bytes data]
* TLSv1.3 (OUT), TLS handshake, Client hello (1):
} [1571 bytes data]
*  CAfile: /etc/ssl/certs/ca-certificates.crt
*  CApath: /etc/ssl/certs
{ [5 bytes data]
* TLSv1.3 (IN), TLS handshake, Server hello (2):
{ [112 bytes data]
* TLSv1.2 (IN), TLS handshake, Certificate (11):
{ [5017 bytes data]
* TLSv1.2 (IN), TLS handshake, Server key exchange (12):
{ [300 bytes data]
* TLSv1.2 (IN), TLS handshake, Server finished (14):
{ [4 bytes data]
* TLSv1.2 (OUT), TLS handshake, Client key exchange (16):
} [37 bytes data]
* TLSv1.2 (OUT), TLS change cipher, Change cipher spec (1):
} [1 bytes data]
* TLSv1.2 (OUT), TLS handshake, Finished (20):
} [16 bytes data]
* TLSv1.2 (IN), TLS handshake, Finished (20):
{ [16 bytes data]
* SSL connection using TLSv1.2 / ECDHE-RSA-AES128-GCM-SHA256 / x25519 / RSASSA-PSS
* ALPN: server accepted http/1.1
* Server certificate:
*  subject: CN=*.ndrc.gov.cn
*  start date: Aug 28 08:15:58 2025 GMT
*  expire date: Aug 28 08:15:57 2026 GMT
*  subjectAltName: host "fwfx.ndrc.gov.cn" matched cert's "*.ndrc.gov.cn"
*  issuer: C=CN; O=TrustAsia Technologies, Inc.; CN=TrustAsia DV TLS RSA CA C5
*  SSL certificate verify ok.
*   Certificate level 0: Public key type RSA (2048/112 Bits/secBits), signed using sha256WithRSAEncryption
*   Certificate level 1: Public key type RSA (4096/152 Bits/secBits), signed using sha512WithRSAEncryption
*   Certificate level 2: Public key type RSA (4096/152 Bits/secBits), signed using sha512WithRSAEncryption
* Connected to fwfx.ndrc.gov.cn (221.204.95.166) port 443
* using HTTP/1.x
} [5 bytes data]
> GET /api/query?qt=%E8%AF%81%E5%88%B8%E4%BA%A4%E6%98%93%E7%9B%91%E7%AE%A1%E8%B4%B9&tab=all&page=2&pageSize=20&siteCode=bm04000fgk&key=CAB549A94CF659904A7D6B0E8FC8A7E9&startDateStr=1900-01-01&endDateStr=2026-08-20&timeOption=2&sort=dateDesc HTTP/1.1
> Host: fwfx.ndrc.gov.cn
> User-Agent: Mozilla/5.0 (X11; Linux x86_64) AppleWebKit/537.36 Chrome/130.0 Safari/537.36 G12HAuthorityCapture/1.0
> Accept: */*
> Accept-Language: zh-CN,zh;q=0.9,en;q=0.5
> Cache-Control: no-cache
> Pragma: no-cache
> 
* Request completely sent off
{ [5 bytes data]
< HTTP/1.1 200 OK
< Date: Thu, 20 Aug 2026 07:42:26 GMT
< Content-Type: application/json;charset=UTF-8
< Transfer-Encoding: chunked
< Connection: keep-alive
< Expires: Thu, 20 Aug 2026 07:42:26 GMT
< Set-Cookie: http_waf_cookie=<redacted sha256:f58771ffbd4d566fbce406bb885d1daba217b12fedf4df21517d8ae8ca60a455>; Expires=1787218946; Path=/; HttpOnly
< X-Content-Type-Options: nosniff
< X-XSS-Protection: 1; mode=block
< Cache-Control: no-cache, no-store, max-age=0, must-revalidate
< Pragma: no-cache
< X-Frame-Options: DENY
< X-Request-Id: 7264c60c63ad84d48b7b367f46979307
< Server: WAF
< X-Ser: i2282315_c26763
< 
{ [56 bytes data]
* Connection #0 to host fwfx.ndrc.gov.cn left intact
