* Host www.szse.cn:443 was resolved.
* IPv6: (none)
* IPv4: 120.86.114.74
*   Trying 120.86.114.74:443...
* ALPN: curl offers h2,http/1.1
} [5 bytes data]
* TLSv1.3 (OUT), TLS handshake, Client hello (1):
} [1566 bytes data]
*  CAfile: /etc/ssl/certs/ca-certificates.crt
*  CApath: /etc/ssl/certs
{ [5 bytes data]
* TLSv1.3 (IN), TLS handshake, Server hello (2):
{ [122 bytes data]
* TLSv1.3 (IN), TLS change cipher, Change cipher spec (1):
{ [1 bytes data]
* TLSv1.3 (IN), TLS handshake, Encrypted Extensions (8):
{ [10 bytes data]
* TLSv1.3 (IN), TLS handshake, Certificate (11):
{ [3915 bytes data]
* TLSv1.3 (IN), TLS handshake, CERT verify (15):
{ [264 bytes data]
* TLSv1.3 (IN), TLS handshake, Finished (20):
{ [36 bytes data]
* TLSv1.3 (OUT), TLS change cipher, Change cipher spec (1):
} [1 bytes data]
* TLSv1.3 (OUT), TLS handshake, Finished (20):
} [36 bytes data]
* SSL connection using TLSv1.3 / TLS_AES_128_GCM_SHA256 / x25519 / RSASSA-PSS
* ALPN: server did not agree on a protocol. Uses default.
* Server certificate:
*  subject: C=CN; ST=\U5E7F\U4E1C\U7701; L=\U6DF1\U5733\U5E02; O=\U6DF1\U5733\U8BC1\U5238\U4EA4\U6613\U6240; CN=*.szse.cn
*  start date: Aug 20 03:12:25 2025 GMT
*  expire date: Sep 21 03:12:24 2026 GMT
*  subjectAltName: host "www.szse.cn" matched cert's "*.szse.cn"
*  issuer: C=BE; O=GlobalSign nv-sa; CN=GlobalSign RSA OV SSL CA 2018
*  SSL certificate verify ok.
*   Certificate level 0: Public key type RSA (2048/112 Bits/secBits), signed using sha256WithRSAEncryption
*   Certificate level 1: Public key type RSA (2048/112 Bits/secBits), signed using sha256WithRSAEncryption
*   Certificate level 2: Public key type RSA (2048/112 Bits/secBits), signed using sha256WithRSAEncryption
* Connected to www.szse.cn (120.86.114.74) port 443
* using HTTP/1.x
} [5 bytes data]
> GET /lawrules/rule/repeal/announcement/ HTTP/1.1
> Host: www.szse.cn
> User-Agent: Mozilla/5.0 (X11; Linux x86_64) AppleWebKit/537.36 Chrome/130.0 Safari/537.36 G12HAuthorityCapture/1.0
> Accept: */*
> Accept-Language: zh-CN,zh;q=0.9,en;q=0.5
> Cache-Control: no-cache
> Pragma: no-cache
> 
* Request completely sent off
{ [5 bytes data]
* TLSv1.3 (IN), TLS handshake, Newsession Ticket (4):
{ [233 bytes data]
* TLSv1.3 (IN), TLS handshake, Newsession Ticket (4):
{ [233 bytes data]
< HTTP/1.1 200 OK
< Server: nginx
< Date: Thu, 20 Aug 2026 08:44:39 GMT
< Content-Type: text/html
< Content-Length: 68703
< Connection: keep-alive
< Last-Modified: Wed, 19 Aug 2026 16:05:00 GMT
< ETag: W/"6a85d42c-10c5f"
< Expires: Thu, 20 Aug 2026 08:44:38 GMT
< Cache-Control: no-cache
< X-UA-Compatible: IE=EDGE
< Vary: Accept-Encoding
< X-Varnish: 869627729
< Age: 0
< Via: 1.1 varnish-v4
< X-cache: MISS
< Accept-Ranges: bytes
< X-UA-Compatible: IE=EDGE
< 
{ [857 bytes data]
* Connection #0 to host www.szse.cn left intact
