* Host www.ndrc.gov.cn:443 was resolved.
* IPv6: (none)
* IPv4: 221.204.95.145, 221.204.95.151, 221.204.95.143, 221.204.95.141, 221.204.95.166, 221.204.95.167, 221.204.95.168
*   Trying 221.204.95.145:443...
* ALPN: curl offers h2,http/1.1
} [5 bytes data]
* TLSv1.3 (OUT), TLS handshake, Client hello (1):
} [1570 bytes data]
*  CAfile: /etc/ssl/certs/ca-certificates.crt
*  CApath: /etc/ssl/certs
{ [5 bytes data]
* TLSv1.3 (IN), TLS handshake, Server hello (2):
{ [112 bytes data]
* TLSv1.2 (IN), TLS handshake, Certificate (11):
{ [5017 bytes data]
* TLSv1.2 (IN), TLS handshake, Server key exchange (12):
{ [300 bytes data]
* TLSv1.2 (IN), TLS handshake, Server finished (14):
{ [4 bytes data]
* TLSv1.2 (OUT), TLS handshake, Client key exchange (16):
} [37 bytes data]
* TLSv1.2 (OUT), TLS change cipher, Change cipher spec (1):
} [1 bytes data]
* TLSv1.2 (OUT), TLS handshake, Finished (20):
} [16 bytes data]
* TLSv1.2 (IN), TLS handshake, Finished (20):
{ [16 bytes data]
* SSL connection using TLSv1.2 / ECDHE-RSA-AES128-GCM-SHA256 / x25519 / rsaEncryption
* ALPN: server accepted http/1.1
* Server certificate:
*  subject: CN=*.ndrc.gov.cn
*  start date: Aug 28 08:15:58 2025 GMT
*  expire date: Aug 28 08:15:57 2026 GMT
*  subjectAltName: host "www.ndrc.gov.cn" matched cert's "*.ndrc.gov.cn"
*  issuer: C=CN; O=TrustAsia Technologies, Inc.; CN=TrustAsia DV TLS RSA CA C5
*  SSL certificate verify ok.
*   Certificate level 0: Public key type RSA (2048/112 Bits/secBits), signed using sha256WithRSAEncryption
*   Certificate level 1: Public key type RSA (4096/152 Bits/secBits), signed using sha512WithRSAEncryption
*   Certificate level 2: Public key type RSA (4096/152 Bits/secBits), signed using sha512WithRSAEncryption
* Connected to www.ndrc.gov.cn (221.204.95.145) port 443
* using HTTP/1.x
} [5 bytes data]
> GET /xxgk/wjk/index.html?tab=all&qt=%E8%AF%81%E5%88%B8%E6%9C%9F%E8%B4%A7%E4%B8%9A%E7%9B%91%E7%AE%A1%E8%B4%B9 HTTP/1.1
> Host: www.ndrc.gov.cn
> User-Agent: Mozilla/5.0 (X11; Linux x86_64) AppleWebKit/537.36 Chrome/130.0 Safari/537.36 G12HAuthorityCapture/1.0
> Accept: */*
> Accept-Language: zh-CN,zh;q=0.9,en;q=0.5
> Cache-Control: no-cache
> Pragma: no-cache
> 
* Request completely sent off
{ [5 bytes data]
< HTTP/1.1 200 OK
< Date: Thu, 20 Aug 2026 07:37:15 GMT
< Content-Type: text/html
< Content-Length: 14309
< Connection: keep-alive
< Set-Cookie: http_waf_cookie=<redacted sha256:ebd1a6b03fa50156e3d1ed7db5fb9397b7ebb13ebc1a9eff0cfa950d0232d134>; Expires=1787218635; Path=/; HttpOnly
< ETag: W/"14309-1767491993000"
< Last-Modified: Sun, 04 Jan 2026 01:59:53 GMT
< Vary: Accept-Encoding
< SS: s
< Set-Cookie: SF_cookie_3=<redacted sha256:60a94c9b554141ab427cc9f589ee7caa933e00675466edb00287fb75a1ed87da>; path=/
< X-Cache: BYPASS
< X-Request-Id: 9001f388d35da81a7f9a68a816ffdf4c
< Server: WAF
< Accept-Ranges: bytes
< X-Ser: i34482_c26441, i2282311_c26763
< X-Cache: MISS from i2282311_c26763(cloudsvr)
< Cache-Control: no-store, no-cache
< Access-Control-Allow-Methods: GET,POST
< Content-Security-Policy: frame-ancestors 'self' https://fxsjcj.kaipuyun.cn
< Pragma: no-cache
< 
{ [14309 bytes data]
* Connection #0 to host www.ndrc.gov.cn left intact
