* Host fgk.chinatax.gov.cn:443 was resolved.
* IPv6: (none)
* IPv4: 116.179.52.55, 110.242.22.27
*   Trying 116.179.52.55:443...
* ALPN: curl offers h2,http/1.1
} [5 bytes data]
* TLSv1.3 (OUT), TLS handshake, Client hello (1):
} [1574 bytes data]
*  CAfile: /etc/ssl/certs/ca-certificates.crt
*  CApath: /etc/ssl/certs
{ [5 bytes data]
* TLSv1.3 (IN), TLS handshake, Server hello (2):
{ [112 bytes data]
* TLSv1.2 (IN), TLS handshake, Certificate (11):
{ [3413 bytes data]
* TLSv1.2 (IN), TLS handshake, Server key exchange (12):
{ [300 bytes data]
* TLSv1.2 (IN), TLS handshake, Server finished (14):
{ [4 bytes data]
* TLSv1.2 (OUT), TLS handshake, Client key exchange (16):
} [37 bytes data]
* TLSv1.2 (OUT), TLS change cipher, Change cipher spec (1):
} [1 bytes data]
* TLSv1.2 (OUT), TLS handshake, Finished (20):
} [16 bytes data]
* TLSv1.2 (IN), TLS handshake, Finished (20):
{ [16 bytes data]
* SSL connection using TLSv1.2 / ECDHE-RSA-CHACHA20-POLY1305 / x25519 / RSASSA-PSS
* ALPN: server accepted http/1.1
* Server certificate:
*  subject: C=CN; ST=\U5317\U4EAC; L=\U5317\U4EAC; O=\U56FD\U5BB6\U7A0E\U52A1\U603B\U5C40\U7535\U5B50\U7A0E\U52A1\U7BA1\U7406\U4E2D\U5FC3; CN=www.chinatax.gov.cn
*  start date: Jul 13 02:22:47 2026 GMT
*  expire date: Jan 28 02:22:46 2027 GMT
*  subjectAltName: host "fgk.chinatax.gov.cn" matched cert's "fgk.chinatax.gov.cn"
*  issuer: C=CN; O=China Financial Certification Authority; CN=CFCA TLS OV OCA
*  SSL certificate verify ok.
*   Certificate level 0: Public key type RSA (2048/112 Bits/secBits), signed using sha256WithRSAEncryption
*   Certificate level 1: Public key type RSA (2048/112 Bits/secBits), signed using sha256WithRSAEncryption
*   Certificate level 2: Public key type RSA (4096/152 Bits/secBits), signed using sha256WithRSAEncryption
* Connected to fgk.chinatax.gov.cn (116.179.52.55) port 443
* using HTTP/1.x
} [5 bytes data]
> GET /zcfgk/xhtml/js/getSearch.js HTTP/1.1
> Host: fgk.chinatax.gov.cn
> User-Agent: Mozilla/5.0 (X11; Linux x86_64) AppleWebKit/537.36 Chrome/130.0 Safari/537.36 G12HAuthorityCapture/1.0
> Accept: */*
> Accept-Language: zh-CN,zh;q=0.9,en;q=0.5
> Cache-Control: no-cache
> Pragma: no-cache
> 
* Request completely sent off
{ [5 bytes data]
< HTTP/1.1 200 OK
< Date: Thu, 20 Aug 2026 08:44:44 GMT
< Content-Type: application/javascript
< Content-Length: 42708
< Connection: keep-alive
< Last-Modified: Mon, 05 Jan 2026 12:39:33 GMT
< ETag: "695bb105-a6d4"
< X-Frame-Options: ALLOW-FROM https://www.chinatax.gov.cn/
< Access-Control-Allow-Origin: https://www.chinatax.gov.cn
< Accept-Ranges: bytes
< x-via: 1.1 PS-WUH-01WYg96:12 (Cdn Cache Server V2.0), 1.1 CS-000-01LLy69:0 (Cdn Cache Server V2.0), 1.1 PS-000-012jf27:10 (Cdn Cache Server V2.0)
< age: 1
< x-ws-request-id: 6a86be7c_PS-000-012jf27_30304-7721
< 
{ [15828 bytes data]
* Connection #0 to host fgk.chinatax.gov.cn left intact
