* Host www.npc.gov.cn:80 was resolved.
* IPv6: (none)
* IPv4: 111.202.89.68
*   Trying 111.202.89.68:80...
* Connected to www.npc.gov.cn (111.202.89.68) port 80
* using HTTP/1.x
> GET /npc/c2/c30834/202106/t20210610_311898.html HTTP/1.1
> Host: www.npc.gov.cn
> User-Agent: Mozilla/5.0 (X11; Linux x86_64) AppleWebKit/537.36 Chrome/130.0 Safari/537.36 G12HAuthorityCapture/1.0
> Accept: */*
> Accept-Language: zh-CN,zh;q=0.9,en;q=0.5
> Cache-Control: no-cache
> Pragma: no-cache
> 
* Request completely sent off
< HTTP/1.1 200 OK
< Date: Thu, 20 Aug 2026 08:44:44 GMT
< Content-Type: text/html
< Content-Length: 12332
< Connection: keep-alive
< WZWS-RAY: 002-1787215484.677-cache02bjtp3-waf03bjtp3
< Cache-Control: max-age=14400
< age: 0
< VAR-Cache: hit
< 
{ [788 bytes data]
* Connection #0 to host www.npc.gov.cn left intact
